apiVersion: tekton.dev/v1alpha1
kind: PipelineRun
metadata:
  # Generate a unique name for each run
  generateName: cd-notebook-controller-1234abcd
spec:
  pipelineRef:
    name: ci-pipeline
  params:  
  - name: "path_to_context"
    value: "components/notebook-controller"
  - name: "path_to_docker_file"
    value: "components/notebook-controller/Dockerfile"
  - name: "path_to_manifests_dir"
    value: "jupyter/notebook-controller"
  - name: "src_image_url"
    value: "gcr.io/kubeflow-images-public/notebook-controller"
  - name: "container_image"
    value: "gcr.io/kubeflow-releasing/test-worker@sha256:35138a42b57160a078e802b7d69aec3c3e79a3e2e55518af7798275ebcc84d25"    
  resources:
  # The git resources that will be used
  - name: kubeflow
    resourceSpec:    
      type: git
      params:
        - name: revision
          value: "1234abcd"
        - name: url
          value: git@github.com:kubeflow/kubeflow.git
  - name: manifests
    resourceSpec:    
      type: git
      params:
        - name: revision
          value: master
        - name: url
          value: git@github.com:kubeflow/manifests.git
  # TODO(jlewi): Replace with kubeflw/kubeflow once the PR is checked in.
  - name: ci-tools
    resourceSpec:    
      type: git
      params:
        - name: revision
          value: tekton
        - name: url
          value: git@github.com:jlewi/testing.git
  # The image we want to build
  - name:  image
    resourceSpec:
      type: image
      params:
      - name: url  
        value: gcr.io/kubeflow-images-public/notebook-controller:vmaster-g1234abcd
  serviceAccountName: ci-pipeline-run-service-account
